INFO:     Started server process [9788]
INFO:     Waiting for application startup.
INFO:     Application startup complete.
INFO:     Uvicorn running on http://0.0.0.0:8000 (Press CTRL+C to quit)
ERROR:    Exception in ASGI application
Traceback (most recent call last):
  File "C:\Users\Niveen al turk\AppData\Roaming\Python\Python38\site-packages\anyio\streams\memory.py", line 98, in receive
    return self.receive_nowait()
  File "C:\Users\Niveen al turk\AppData\Roaming\Python\Python38\site-packages\anyio\streams\memory.py", line 93, in receive_nowait
    raise WouldBlock
anyio.WouldBlock

During handling of the above exception, another exception occurred:

Traceback (most recent call last):
  File "C:\Users\Niveen al turk\AppData\Roaming\Python\Python38\site-packages\starlette\middleware\base.py", line 159, in call_next
    message = await recv_stream.receive()
  File "C:\Users\Niveen al turk\AppData\Roaming\Python\Python38\site-packages\anyio\streams\memory.py", line 118, in receive
    raise EndOfStream
anyio.EndOfStream

During handling of the above exception, another exception occurred:

Traceback (most recent call last):
  File "C:\Users\Niveen al turk\AppData\Roaming\Python\Python38\site-packages\uvicorn\protocols\http\httptools_impl.py", line 401, in run_asgi
    result = await app(  # type: ignore[func-returns-value]
  File "C:\Users\Niveen al turk\AppData\Roaming\Python\Python38\site-packages\uvicorn\middleware\proxy_headers.py", line 70, in __call__
    return await self.app(scope, receive, send)
  File "C:\Users\Niveen al turk\AppData\Roaming\Python\Python38\site-packages\fastapi\applications.py", line 1054, in __call__
    await super().__call__(scope, receive, send)
  File "C:\Users\Niveen al turk\AppData\Roaming\Python\Python38\site-packages\starlette\applications.py", line 123, in __call__
    await self.middleware_stack(scope, receive, send)
  File "C:\Users\Niveen al turk\AppData\Roaming\Python\Python38\site-packages\starlette\middleware\errors.py", line 186, in __call__
    raise exc
  File "C:\Users\Niveen al turk\AppData\Roaming\Python\Python38\site-packages\starlette\middleware\errors.py", line 164, in __call__
    await self.app(scope, receive, _send)
  File "C:\Users\Niveen al turk\AppData\Roaming\Python\Python38\site-packages\starlette\middleware\base.py", line 191, in __call__
    response = await self.dispatch_func(request, call_next)
  File "D:\yarmouk_water_management_pro\backend\app\middleware\audit.py", line 37, in audit_middleware
    response = await call_next(request)
  File "C:\Users\Niveen al turk\AppData\Roaming\Python\Python38\site-packages\starlette\middleware\base.py", line 165, in call_next
    raise app_exc
  File "C:\Users\Niveen al turk\AppData\Roaming\Python\Python38\site-packages\starlette\middleware\base.py", line 151, in coro
    await self.app(scope, receive_or_disconnect, send_no_error)
  File "C:\Users\Niveen al turk\AppData\Roaming\Python\Python38\site-packages\starlette\middleware\base.py", line 191, in __call__
    response = await self.dispatch_func(request, call_next)
  File "D:\yarmouk_water_management_pro\backend\app\main.py", line 43, in dispatch
    response = await call_next(request)
  File "C:\Users\Niveen al turk\AppData\Roaming\Python\Python38\site-packages\starlette\middleware\base.py", line 165, in call_next
    raise app_exc
  File "C:\Users\Niveen al turk\AppData\Roaming\Python\Python38\site-packages\starlette\middleware\base.py", line 151, in coro
    await self.app(scope, receive_or_disconnect, send_no_error)
  File "C:\Users\Niveen al turk\AppData\Roaming\Python\Python38\site-packages\starlette\middleware\base.py", line 191, in __call__
    response = await self.dispatch_func(request, call_next)
  File "D:\yarmouk_water_management_pro\backend\app\main.py", line 17, in dispatch
    response = await call_next(request)
  File "C:\Users\Niveen al turk\AppData\Roaming\Python\Python38\site-packages\starlette\middleware\base.py", line 165, in call_next
    raise app_exc
  File "C:\Users\Niveen al turk\AppData\Roaming\Python\Python38\site-packages\starlette\middleware\base.py", line 151, in coro
    await self.app(scope, receive_or_disconnect, send_no_error)
  File "C:\Users\Niveen al turk\AppData\Roaming\Python\Python38\site-packages\starlette\middleware\cors.py", line 85, in __call__
    await self.app(scope, receive, send)
  File "C:\Users\Niveen al turk\AppData\Roaming\Python\Python38\site-packages\starlette\middleware\exceptions.py", line 65, in __call__
    await wrap_app_handling_exceptions(self.app, conn)(scope, receive, send)
  File "C:\Users\Niveen al turk\AppData\Roaming\Python\Python38\site-packages\starlette\_exception_handler.py", line 64, in wrapped_app
    raise exc
  File "C:\Users\Niveen al turk\AppData\Roaming\Python\Python38\site-packages\starlette\_exception_handler.py", line 53, in wrapped_app
    await app(scope, receive, sender)
  File "C:\Users\Niveen al turk\AppData\Roaming\Python\Python38\site-packages\starlette\routing.py", line 756, in __call__
    await self.middleware_stack(scope, receive, send)
  File "C:\Users\Niveen al turk\AppData\Roaming\Python\Python38\site-packages\starlette\routing.py", line 776, in app
    await route.handle(scope, receive, send)
  File "C:\Users\Niveen al turk\AppData\Roaming\Python\Python38\site-packages\starlette\routing.py", line 297, in handle
    await self.app(scope, receive, send)
  File "C:\Users\Niveen al turk\AppData\Roaming\Python\Python38\site-packages\starlette\routing.py", line 77, in app
    await wrap_app_handling_exceptions(app, request)(scope, receive, send)
  File "C:\Users\Niveen al turk\AppData\Roaming\Python\Python38\site-packages\starlette\_exception_handler.py", line 64, in wrapped_app
    raise exc
  File "C:\Users\Niveen al turk\AppData\Roaming\Python\Python38\site-packages\starlette\_exception_handler.py", line 53, in wrapped_app
    await app(scope, receive, sender)
  File "C:\Users\Niveen al turk\AppData\Roaming\Python\Python38\site-packages\starlette\routing.py", line 72, in app
    response = await func(request)
  File "C:\Users\Niveen al turk\AppData\Roaming\Python\Python38\site-packages\fastapi\routing.py", line 301, in app
    raw_response = await run_endpoint_function(
  File "C:\Users\Niveen al turk\AppData\Roaming\Python\Python38\site-packages\fastapi\routing.py", line 212, in run_endpoint_function
    return await dependant.call(**values)
  File "D:\yarmouk_water_management_pro\backend\app\routers\employees.py", line 48, in list_all_employees
    "items": [
  File "D:\yarmouk_water_management_pro\backend\app\routers\employees.py", line 58, in <listcomp>
    "org_unit_name": e.org_unit_name,
AttributeError: 'Employee' object has no attribute 'org_unit_name'
